---
source: tests/skill_generation_tests.rs
expression: "&models_skill.openai_yaml"
---
interface:
  display_name: "bqx Models"
  short_description: "get/list BigQuery models via bqx"
  default_prompt: "Use $bqx-models to get/list BigQuery models using the bqx CLI."

policy:
  allow_implicit_invocation: true
