---
source: tests/snapshot_tests.rs
assertion_line: 552
expression: table
---
┌──────────────┬────────┬─────────────────────────────┐
│ event_type   ┆ status ┆ timestamp                   │
╞══════════════╪════════╪═════════════════════════════╡
│ LLM_REQUEST  ┆ OK     ┆ 2026-03-05 09:26:59.270 UTC │
│ LLM_RESPONSE ┆ OK     ┆ 2026-03-05 09:27:03.208 UTC │
└──────────────┴────────┴─────────────────────────────┘
