---
source: tests/snapshot_tests.rs
assertion_line: 565
expression: table
---
┌─────────┬─────────────┬────────────┐
│ agent   ┆ event_type  ┆ session_id │
╞═════════╪═════════════╪════════════╡
│ agent_a ┆ LLM_REQUEST ┆ s1         │
│ agent_b ┆ TOOL_CALL   ┆ s2         │
└─────────┴─────────────┴────────────┘
